[codesty.org/index.html]
[codesty.org/public/styles/sss.css]
[codesty.org/public/styles/bulma.css]
[ajax.googleapis.com/ajax/libs/jquery/2.1.1/jquery.min.js]
[codesty.org/public/scripts/all.js]
[kit.fontawesome.com/eb7d57ccb9.js]
[cdnjs.cloudflare.com/ajax/libs/animate.css/4.1.1/animate.min.css]
[backblue.gif]
[fade.gif]
[index.html]
[codesty.org/public/styles/all.css]
[codesty.org/public/images/logo-beyaz.png]
[codesty.org/socket.io/socket.io.js]
[unpkg.com/balloon-css/balloon.min.9.delayed]
[unpkg.com/balloon-css@1.2.0/balloon.min.css]
[codesty.org/public/scripts/home.js]
[codesty.org/cdn-cgi/challenge-platform/h/b/scripts/invisible.js]
[codesty.org/public/images/codesty_white.png]
[codesty.org/trend/all.html]
[codesty.org/discord/tools.html]
[codesty.org/partners.html]
[codesty.org/docs.html]
[codesty.org/member.html]
[codesty.org/boost.html]
[codesty.org/server/756242099267043349.html]
[codesty.org/bot.html]
[codesty.org/login.html]
[codesty.org/server/784116781387874316.html]
[codesty.org/server/896081561160671332.html]
[cdn.discordapp.com/icons/896081561160671332/a_e3199bf9f13d3ff040c550d7210ed9a0bd5f.gif]
[p7.hiclipart.com/preview/842/992/26/discord-computer-servers-teamspeak-discord-icon.jpg]
[codesty.org/team.html]
[codesty.org/legal.html]
[toasty.is-pretty.cool/4tG8Xib.png]
[codesty.org/index.html]
[codesty.org/cdn-cgi/scripts/7d0fa10a/cloudflare-static/rocket-loader.min.js]
[codesty.org/public/images/footer.png]
[codesty.org/public/styles/sss.css]
[codesty.org/public/styles/bulma.css]
[cdnjs.cloudflare.com/ajax/libs/animate.css/4.1.1/animate.min.css]
[codesty.org/public/fonts/whitneybold.woff]
[codesty.org/public/fonts/whitneymediumitalic.woff]
[codesty.org/public/fonts/whitneysemibold.woff]
[codesty.org/public/fonts/whitneybook.woff]
[codesty.org/public/fonts/whitneylight.woff]
[codesty.org/public/fonts/WhitneySemiboldItalic.woff]
[codesty.org/public/fonts/whitneybookitalic.woff]
[codesty.org/public/fonts/whitneylightitalic.woff]
[codesty.org/public/fonts/font.woff]
[codesty.org/public/fonts/light.woff]
[codesty.org/public/styles/all.css]
[unpkg.com/balloon-css@1.2.0/balloon.min.css]
[codesty.org/public/styles/user.css]
[codesty.org/public/scripts/vote.js]
[codesty.org/public/styles/vote.css]
[codesty.org/trend/public.html]
[codesty.org/trend/ekip.html]
[codesty.org/trend/anime.html]
[codesty.org/trend/music.html]
[codesty.org/trend/oyun.html]
[codesty.org/trend/teknoloji.html]
[codesty.org/trend/sohbet.html]
[codesty.org/trend/sanat.html]
[codesty.org/trend/sosyal.html]
[codesty.org/public/images/no-banner-image.png]
[codesty.org/trend/all.html]
[codesty.org/public/styles/tools.css]
[codesty.org/public/scripts/tools.js]
[codesty.org/discord/tools.html]
[codesty.org/public/styles/discover.css]
[codesty.org/partners.html]
[codesty.org/docs.html]
[codesty.org/public/styles/member.css]
[codesty.org/public/images/toasty.png]
[codesty.org/server/583678878489378827.html]
[codesty.org/server/662637584693985282.html]
[codesty.org/server/538038727654768652.html]
[codesty.org/server/561932459835392011.html]
[codesty.org/server/589413911304863746.html]
[codesty.org/server/790338834214813767.html]
[codesty.org/server/713539358333993000.html]
[codesty.org/server/804772365761380382.html]
[codesty.org/server/749213856504741919.html]
[codesty.org/server/629688704746782740.html]
[codesty.org/server/860536019508920340.html]
[codesty.org/server/805047843416178688.html]
[codesty.org/server/634437923500195853.html]
[codesty.org/server/727881213406347282.html]
[codesty.org/server/870185718092275722.html]
[codesty.org/server/793926948921278474.html]
[codesty.org/server/269782369714569226.html]
[codesty.org/server/690634134493593610.html]
[codesty.org/server/836331864473468939.html]
[codesty.org/server/643883258718978049.html]
[codesty.org/server/745397056440500240.html]
[codesty.org/server/714451942100959263.html]
[codesty.org/server/739832272475127819.html]
[codesty.org/server/694161394375065620.html]
[codesty.org/server/707544645168660490.html]
[codesty.org/server/659549142086975515.html]
[codesty.org/server/679338357884715035.html]
[codesty.org/server/713768319706202192.html]
[codesty.org/server/596033534657953866.html]
[codesty.org/server/741741037755695216.html]
[codesty.org/server/685174863425830984.html]
[codesty.org/server/528925303536484352.html]
[codesty.org/server/911167196871417866.html]
[codesty.org/server/886001385257177108.html]
[codesty.org/member.html]
[codesty.org/boost.html]
